Microchip MPLAB XC8 Compiler V2.31

Linker command line:

-W-3 --edf=C:\Program Files\Microchip\xc8\v2.31\pic\dat\en_msgs.txt -cn \
  -h+dist/default/production\Proyecto_2.X.production.sym \
  --cmf=dist/default/production\Proyecto_2.X.production.cmf -z -Q16F887 \
  -oC:\Users\Earst\AppData\Local\Temp\sen0.2 --defsym=__MPLAB_BUILD=1 \
  -Mdist/default/production/Proyecto_2.X.production.map -E1 \
  -ver=XC8 Compiler --acfsm=1493 -ASTACK=0110h-016Fh -pstack=STACK \
  -ACODE=00h-07FFhx4 -ASTRCODE=00h-01FFFh -ASTRING=00h-0FFhx32 \
  -ACONST=00h-0FFhx32 -AENTRY=00h-0FFhx32 -ACOMMON=070h-07Fh \
  -ABANK0=020h-06Fh -ABANK1=0A0h-0EFh -ABANK2=0110h-016Fh \
  -ABANK3=0190h-01EFh -ARAM=020h-06Fh,0A0h-0EFh,0110h-016Fh,0190h-01EFh \
  -AABS1=020h-07Fh,0A0h-0EFh,0110h-016Fh,0190h-01EFh -ASFR0=00h-01Fh \
  -ASFR1=080h-09Fh -ASFR2=0100h-010Fh -ASFR3=0180h-018Fh \
  -ACONFIG=02007h-02008h -DCONFIG=2 -AIDLOC=02000h-02003h -DIDLOC=2 \
  -AEEDATA=00h-0FFh/02100h -peeprom_data=EEDATA -DEEDATA=2 -DCODE=2 \
  -DSTRCODE=2 -DSTRING=2 -DCONST=2 -DENTRY=2 \
  -preset_vec=00h,intentry=04h,init,end_init -ppowerup=CODE -pcinit=CODE \
  -pfunctab=ENTRY -k C:\Users\Earst\AppData\Local\Temp\sen0.o \
  dist/default/production\Proyecto_2.X.production.o 

Object code version is 3.11

Machine type is 16F887



                Name                               Link     Load   Length Selector   Space Scale
C:\Users\Earst\AppData\Local\Temp\sen0.o
                end_init                              C        C        3        8       0
                reset_vec                             0        0        3        0       0
                config                             2007     2007        2        0       4
dist/default/production\Proyecto_2.X.production.o
                cinit                                 F        F       11        8       0
                intentry                              4        4        8        8       0
                config                             2007     2007        2        0       4
                text9                               7D6      7D6       1C      B32       0
                text8                               389      389       11      712       0
                text7                               599      599      11B      B32       0
                text6                               7B4      7B4       22      B32       0
                text5                               362      362       15        8       0
                text4                               7F2      7F2        A      B32       0
                text3                               78C      78C       28      B32       0
                text2                                20       20      342        8       0
                text1                               6B4      6B4       8A      B32       0
                maintext                            73E      73E       4E      B32       0
                cstackBANK0                          20       20        C       20       1
                cstackCOMMON                         70       70        8       70       1
                bssBANK0                             2C       2C        5       20       1
                bssCOMMON                            78       78        6       70       1
                stringtext                          400      400      199        8       0
                strings                             377      377       12      6EE       0

TOTAL           Name                               Link     Load   Length     Space
        CLASS   STACK          

        CLASS   CODE           
                end_init                              C        C        3         0
                cinit                                 F        F       11         0
                intentry                              4        4        8         0
                reset_vec                             0        0        3         0
                text9                               7D6      7D6       1C         0
                text8                               389      389       11         0
                text7                               599      599      11B         0
                text6                               7B4      7B4       22         0
                text5                               362      362       15         0
                text4                               7F2      7F2        A         0
                text3                               78C      78C       28         0
                text2                                20       20      342         0
                text1                               6B4      6B4       8A         0
                maintext                            73E      73E       4E         0

        CLASS   STRCODE        
                stringtext                          400      400      199         0

        CLASS   STRING         
                strings                             377      377       12         0

        CLASS   CONST          

        CLASS   ENTRY          

        CLASS   COMMON         
                cstackCOMMON                         70       70        8         1
                bssCOMMON                            78       78        6         1

        CLASS   BANK0          
                cstackBANK0                          20       20        C         1
                bssBANK0                             2C       2C        5         1

        CLASS   BANK1          

        CLASS   BANK2          

        CLASS   BANK3          

        CLASS   RAM            

        CLASS   ABS1           
                abs_s1                               7E       7E        2         1

        CLASS   SFR0           

        CLASS   SFR1           

        CLASS   SFR2           

        CLASS   SFR3           

        CLASS   CONFIG         
                config                             2007     2007        2         4

        CLASS   IDLOC          

        CLASS   EEDATA         



SEGMENTS        Name                           Load    Length   Top    Selector   Space  Class     Delta

                reset_vec                      000000  000003  000003         0       0  CODE        2
                intentry                       000004  000373  000377         8       0  CODE        2
                cstackBANK0                    000020  000011  000031        20       1  BANK0       1
                cstackCOMMON                   000070  00000E  00007E        70       1  COMMON      1
                strings                        000377  000012  000389       6EE       0  STRING      2
                text8                          000389  000011  00039A       712       0  CODE        2
                stringtext                     000400  000199  000599         8       0  STRCODE     2
                text7                          000599  000263  0007FC       B32       0  CODE        2


UNUSED ADDRESS RANGES

        Name                Unused          Largest block    Delta
        BANK0            0031-006F             3F           1
        BANK1            00A0-00EF             50           1
        BANK2            0110-016F             60           1
        BANK3            0190-01EF             60           1
        CODE             0003-0003              1           2
                         039A-03FF             66
                         07FC-1FFF            800
        CONST            0003-0003              1           2
                         039A-03FF             66
                         07FC-1FFF            100
        EEDATA           2100-21FF            100           2
        ENTRY            0003-0003              1           2
                         039A-03FF             66
                         07FC-1FFF            100
        IDLOC            2000-2003              4           2
        RAM              0031-006F             3F           1
                         00A0-00EF             50
                         0110-016F             60
                         0190-01EF             60
        SFR0             0000-001F             20           1
        SFR1             0080-009F             20           1
        SFR2             0100-010F             10           1
        SFR3             0180-018F             10           1
        STACK            0110-016F             60           1
        STRCODE          0003-0003              1           2
                         039A-03FF             66
                         07FC-1FFF           1804
        STRING           0003-0003              1           2
                         039A-03FF             66
                         07FC-1FFF            100

                                  Symbol Table

?_printf                    cstackBANK0  0021
_ADCON0bits                 (abs)        001F
_ADCON1bits                 (abs)        009F
_ADRESH                     (abs)        001E
_ANSEL                      (abs)        0188
_ANSELH                     (abs)        0189
_BAUDCTLbits                (abs)        0187
_CCP1CONbits                (abs)        0017
_CCP2CONbits                (abs)        001D
_CCPR1L                     (abs)        0015
_CCPR2L                     (abs)        001B
_EEADR                      (abs)        010D
_EECON1bits                 (abs)        018C
_EECON2                     (abs)        018D
_EEDAT                      (abs)        010C
_EEDATA                     (abs)        010C
_INTCONbits                 (abs)        000B
_IOCB                       (abs)        0096
_OPTION_REGbits             (abs)        0081
_OSCCONbits                 (abs)        008F
_PIE1bits                   (abs)        008C
_PIR1bits                   (abs)        000C
_PIR2bits                   (abs)        000D
_PORTA                      (abs)        0005
_PORTB                      (abs)        0006
_PORTBbits                  (abs)        0006
_PORTD                      (abs)        0008
_PORTDbits                  (abs)        0008
_PR2                        (abs)        0092
_RCIF                       (abs)        0065
_RCREG                      (abs)        001A
_RCSTAbits                  (abs)        0018
_SPBRG                      (abs)        0099
_SPBRGH                     (abs)        009A
_T2CONbits                  (abs)        0012
_TMR0                       (abs)        0001
_TRISA                      (abs)        0085
_TRISB                      (abs)        0086
_TRISCbits                  (abs)        0087
_TRISD                      (abs)        0088
_TXIF                       (abs)        0064
_TXREG                      (abs)        0019
_TXSTAbits                  (abs)        0098
_WPUB                       (abs)        0095
__Habs1                     abs1         0000
__Hbank0                    bank0        0000
__Hbank1                    bank1        0000
__Hbank2                    bank2        0000
__Hbank3                    bank3        0000
__HbssBANK0                 bssBANK0     0000
__HbssCOMMON                bssCOMMON    0000
__Hcinit                    cinit        0020
__Hclrtext                  clrtext      0000
__Hcode                     code         0000
__Hcommon                   common       0000
__Hconfig                   config       2009
__HcstackBANK0              cstackBANK0  0000
__HcstackCOMMON             cstackCOMMON 0000
__Heeprom_data              eeprom_data  0000
__Hend_init                 end_init     000F
__Hfunctab                  functab      0000
__Hinit                     init         000C
__Hintentry                 intentry     000C
__Hmaintext                 maintext     0000
__Hpowerup                  powerup      0000
__Hram                      ram          0000
__Hreset_vec                reset_vec    0003
__Hsfr0                     sfr0         0000
__Hsfr1                     sfr1         0000
__Hsfr2                     sfr2         0000
__Hsfr3                     sfr3         0000
__Hspace_0                  (abs)        07FC
__Hspace_1                  (abs)        007E
__Hspace_2                  (abs)        0000
__Hspace_3                  (abs)        0000
__Hspace_4                  (abs)        4010
__Hstack                    stack        0000
__Hstrings                  strings      0000
__Hstringtext               stringtext   0000
__Htext                     text         0000
__Labs1                     abs1         0000
__Lbank0                    bank0        0000
__Lbank1                    bank1        0000
__Lbank2                    bank2        0000
__Lbank3                    bank3        0000
__LbssBANK0                 bssBANK0     0000
__LbssCOMMON                bssCOMMON    0000
__Lcinit                    cinit        000F
__Lclrtext                  clrtext      0000
__Lcode                     code         0000
__Lcommon                   common       0000
__Lconfig                   config       0000
__LcstackBANK0              cstackBANK0  0000
__LcstackCOMMON             cstackCOMMON 0000
__Leeprom_data              eeprom_data  0000
__Lend_init                 end_init     000C
__Lfunctab                  functab      0000
__Linit                     init         000C
__Lintentry                 intentry     0004
__Lmaintext                 maintext     0000
__Lpowerup                  powerup      0000
__Lram                      ram          0000
__Lreset_vec                reset_vec    0000
__Lsfr0                     sfr0         0000
__Lsfr1                     sfr1         0000
__Lsfr2                     sfr2         0000
__Lsfr3                     sfr3         0000
__Lspace_0                  (abs)        0000
__Lspace_1                  (abs)        0000
__Lspace_2                  (abs)        0000
__Lspace_3                  (abs)        0000
__Lspace_4                  (abs)        0000
__Lstack                    stack        0000
__Lstrings                  strings      0000
__Lstringtext               stringtext   0000
__Ltext                     text         0000
__S0                        (abs)        07FC
__S1                        (abs)        007E
__S2                        (abs)        0000
__S3                        (abs)        0000
___int_sp                   stack        0000
___latbits                  (abs)        0002
___sp                       stack        0000
___stackhi                  (abs)        0000
___stacklo                  (abs)        0000
__end_of__initialization    cinit        001C
__end_of__stringtab         strings      0389
__end_of_comunicacion       text2        0362
__end_of_escribir_EEPROM    text6        07D6
__end_of_isr                text7        06B4
__end_of_leer_EEPROM        text5        0377
__end_of_main               maintext     078C
__end_of_printf             text3        07B4
__end_of_putch              text4        07FC
__end_of_setup              text1        073E
__end_ofi1_escribir_EEPROM  text9        07F2
__end_ofi1_leer_EEPROM      text8        039A
__initialization            cinit        000F
__pbssBANK0                 bssBANK0     002C
__pbssCOMMON                bssCOMMON    0078
__pcstackBANK0              cstackBANK0  0020
__pcstackCOMMON             cstackCOMMON 0070
__pintentry                 intentry     0004
__pmaintext                 maintext     073E
__pstrings                  strings      0377
__pstringtext               stringtext   0400
__ptext1                    text1        06B4
__ptext2                    text2        0020
__ptext3                    text3        078C
__ptext4                    text4        07F2
__ptext5                    text5        0362
__ptext6                    text6        07B4
__ptext7                    text7        0599
__ptext8                    text8        0389
__ptext9                    text9        07D6
__size_of_comunicacion      (abs)        0000
__size_of_escribir_EEPROM   (abs)        0000
__size_of_isr               (abs)        0000
__size_of_leer_EEPROM       (abs)        0000
__size_of_main              (abs)        0000
__size_of_printf            (abs)        0000
__size_of_putch             (abs)        0000
__size_of_setup             (abs)        0000
__size_ofi1_escribir_EEPROM (abs)        0000
__size_ofi1_leer_EEPROM     (abs)        0000
__stringbase                strings      0389
__stringtab                 strings      0377
_comunicacion               text2        0020
_counter                    bssBANK0     002C
_escribir_EEPROM            text6        07B4
_flag                       bssCOMMON    0078
_isr                        text7        0599
_lec1                       bssCOMMON    007B
_lec2                       bssCOMMON    007A
_leer_EEPROM                text5        0362
_main                       maintext     073E
_printf                     text3        078C
_putch                      text4        07F2
_servo1                     bssCOMMON    007D
_servo2                     bssCOMMON    007C
_setup                      text1        06B4
_speed                      bssBANK0     002E
btemp                       (abs)        007E
end_of_initialization       cinit        001C
escribir_EEPROM@dato        cstackBANK0  0021
escribir_EEPROM@direccion   cstackBANK0  0020
i1_escribir_EEPROM          text9        07D6
i1_leer_EEPROM              text8        0389
i1escribir_EEPROM@dato      cstackCOMMON 0071
i1escribir_EEPROM@direccion cstackCOMMON 0070
i1leer_EEPROM@dato          cstackCOMMON 0072
i1leer_EEPROM@direccion     cstackCOMMON 0071
interrupt_function          intentry     0004
intlevel0                   functab      0000
intlevel1                   functab      0000
intlevel2                   functab      0000
intlevel3                   functab      0000
intlevel4                   functab      0000
intlevel5                   functab      0000
leer_EEPROM@dato            cstackBANK0  0022
leer_EEPROM@direccion       cstackBANK0  0021
printf@ap                   cstackBANK0  0026
printf@c                    cstackBANK0  0027
printf@f                    cstackBANK0  0021
putch@data                  cstackBANK0  0020
reset_vec                   reset_vec    0000
saved_w                     (abs)        007E
start                       init         000C
start_initialization        cinit        000F
wtemp0                      (abs)        007E


FUNCTION INFORMATION:

 *************** function _main *****************
 Defined at:
		line 174 in file "Proyecto_2.c"
 Parameters:    Size  Location     Type
		None
 Auto vars:     Size  Location     Type
		None
 Return value:  Size  Location     Type
                  1    wreg      void 
 Registers used:
		wreg, fsr0l, fsr0h, status,2, status,0, btemp+1, pclath, cstack
 Tracked objects:
		On entry : 
		On exit  : 
		Unchanged: 
 Data sizes:     COMMON   BANK0   BANK1   BANK3   BANK2
      Params:         0       0       0       0       0
      Locals:         0       0       0       0       0
      Temps:          0       1       0       0       0
      Totals:         0       1       0       0       0
Total ram usage:        1 bytes
 Hardware stack levels required when called:    5
 This function calls:
		_comunicacion
		_setup
 This function is called by:
		Startup code after reset
 This function uses a non-reentrant model


 *************** function _setup *****************
 Defined at:
		line 216 in file "Proyecto_2.c"
 Parameters:    Size  Location     Type
		None
 Auto vars:     Size  Location     Type
		None
 Return value:  Size  Location     Type
                  1    wreg      void 
 Registers used:
		wreg, status,2, status,0
 Tracked objects:
		On entry : 
		On exit  : 
		Unchanged: 
 Data sizes:     COMMON   BANK0   BANK1   BANK3   BANK2
      Params:         0       0       0       0       0
      Locals:         0       0       0       0       0
      Temps:          0       1       0       0       0
      Totals:         0       1       0       0       0
Total ram usage:        1 bytes
 Hardware stack levels used:    1
 Hardware stack levels required when called:    2
 This function calls:
		Nothing
 This function is called by:
		_main
 This function uses a non-reentrant model


 *************** function _comunicacion *****************
 Defined at:
		line 359 in file "Proyecto_2.c"
 Parameters:    Size  Location     Type
		None
 Auto vars:     Size  Location     Type
		None
 Return value:  Size  Location     Type
                  1    wreg      void 
 Registers used:
		wreg, fsr0l, fsr0h, status,2, status,0, btemp+1, pclath, cstack
 Tracked objects:
		On entry : 
		On exit  : 
		Unchanged: 
 Data sizes:     COMMON   BANK0   BANK1   BANK3   BANK2
      Params:         0       0       0       0       0
      Locals:         0       0       0       0       0
      Temps:          0       3       0       0       0
      Totals:         0       3       0       0       0
Total ram usage:        3 bytes
 Hardware stack levels used:    1
 Hardware stack levels required when called:    4
 This function calls:
		_escribir_EEPROM
		_leer_EEPROM
		_printf
 This function is called by:
		_main
 This function uses a non-reentrant model


 *************** function _printf *****************
 Defined at:
		line 477 in file "C:\Program Files\Microchip\xc8\v2.31\pic\sources\c90\common\doprnt.c"
 Parameters:    Size  Location     Type
  f               2    1[BANK0 ] PTR const unsigned char 
		 -> STR_24(9), STR_23(11), STR_22(13), STR_21(40), 
		 -> STR_20(12), STR_19(12), STR_18(13), STR_17(17), 
		 -> STR_16(13), STR_15(12), STR_14(13), STR_13(25), 
		 -> STR_12(13), STR_11(16), STR_10(14), STR_9(17), 
		 -> STR_8(9), STR_7(19), STR_6(19), STR_5(29), 
		 -> STR_4(19), STR_3(18), STR_2(28), STR_1(31), 
 Auto vars:     Size  Location     Type
  tmpval          4    0        struct .
  cp              2    0        PTR const unsigned char 
  len             2    0        unsigned int 
  val             2    0        unsigned int 
  c               1    7[BANK0 ] unsigned char 
  ap              1    6[BANK0 ] PTR void [1]
		 -> ?_printf(2), 
  flag            1    0        unsigned char 
  prec            1    0        char 
 Return value:  Size  Location     Type
                  2    1[BANK0 ] int 
 Registers used:
		wreg, fsr0l, fsr0h, status,2, status,0, btemp+1, pclath, cstack
 Tracked objects:
		On entry : 
		On exit  : 
		Unchanged: 
 Data sizes:     COMMON   BANK0   BANK1   BANK3   BANK2
      Params:         0       2       0       0       0
      Locals:         0       2       0       0       0
      Temps:          0       3       0       0       0
      Totals:         0       7       0       0       0
Total ram usage:        7 bytes
 Hardware stack levels used:    1
 Hardware stack levels required when called:    3
 This function calls:
		_putch
 This function is called by:
		_comunicacion
 This function uses a non-reentrant model


 *************** function _putch *****************
 Defined at:
		line 353 in file "Proyecto_2.c"
 Parameters:    Size  Location     Type
  data            1    wreg     unsigned char 
 Auto vars:     Size  Location     Type
  data            1    0[BANK0 ] unsigned char 
 Return value:  Size  Location     Type
                  1    wreg      void 
 Registers used:
		wreg
 Tracked objects:
		On entry : 
		On exit  : 
		Unchanged: 
 Data sizes:     COMMON   BANK0   BANK1   BANK3   BANK2
      Params:         0       0       0       0       0
      Locals:         0       1       0       0       0
      Temps:          0       0       0       0       0
      Totals:         0       1       0       0       0
Total ram usage:        1 bytes
 Hardware stack levels used:    1
 Hardware stack levels required when called:    2
 This function calls:
		Nothing
 This function is called by:
		_printf
 This function uses a non-reentrant model


 *************** function _leer_EEPROM *****************
 Defined at:
		line 339 in file "Proyecto_2.c"
 Parameters:    Size  Location     Type
  direccion       1    wreg     unsigned char 
 Auto vars:     Size  Location     Type
  direccion       1    1[BANK0 ] unsigned char 
  dato            1    2[BANK0 ] unsigned char 
 Return value:  Size  Location     Type
                  1    wreg      unsigned char 
 Registers used:
		wreg
 Tracked objects:
		On entry : 
		On exit  : 
		Unchanged: 
 Data sizes:     COMMON   BANK0   BANK1   BANK3   BANK2
      Params:         0       0       0       0       0
      Locals:         0       2       0       0       0
      Temps:          0       1       0       0       0
      Totals:         0       3       0       0       0
Total ram usage:        3 bytes
 Hardware stack levels used:    1
 Hardware stack levels required when called:    2
 This function calls:
		Nothing
 This function is called by:
		_comunicacion
 This function uses a non-reentrant model


 *************** function _escribir_EEPROM *****************
 Defined at:
		line 319 in file "Proyecto_2.c"
 Parameters:    Size  Location     Type
  dato            1    wreg     unsigned char 
  direccion       1    0[BANK0 ] unsigned char 
 Auto vars:     Size  Location     Type
  dato            1    1[BANK0 ] unsigned char 
 Return value:  Size  Location     Type
                  1    wreg      void 
 Registers used:
		wreg
 Tracked objects:
		On entry : 
		On exit  : 
		Unchanged: 
 Data sizes:     COMMON   BANK0   BANK1   BANK3   BANK2
      Params:         0       1       0       0       0
      Locals:         0       1       0       0       0
      Temps:          0       0       0       0       0
      Totals:         0       2       0       0       0
Total ram usage:        2 bytes
 Hardware stack levels used:    1
 Hardware stack levels required when called:    2
 This function calls:
		Nothing
 This function is called by:
		_comunicacion
 This function uses a non-reentrant model


 *************** function _isr *****************
 Defined at:
		line 72 in file "Proyecto_2.c"
 Parameters:    Size  Location     Type
		None
 Auto vars:     Size  Location     Type
		None
 Return value:  Size  Location     Type
                  1    wreg      void 
 Registers used:
		wreg, status,2, status,0, pclath, cstack
 Tracked objects:
		On entry : 
		On exit  : 
		Unchanged: 
 Data sizes:     COMMON   BANK0   BANK1   BANK3   BANK2
      Params:         0       0       0       0       0
      Locals:         0       0       0       0       0
      Temps:          5       0       0       0       0
      Totals:         5       0       0       0       0
Total ram usage:        5 bytes
 Hardware stack levels used:    1
 Hardware stack levels required when called:    1
 This function calls:
		i1_escribir_EEPROM
		i1_leer_EEPROM
 This function is called by:
		Interrupt level 1
 This function uses a non-reentrant model


 *************** function i1_leer_EEPROM *****************
 Defined at:
		line 339 in file "Proyecto_2.c"
 Parameters:    Size  Location     Type
  direccion       1    wreg     unsigned char 
 Auto vars:     Size  Location     Type
  direccion       1    1[COMMON] unsigned char 
  dato            1    2[COMMON] unsigned char 
 Return value:  Size  Location     Type
                  1    wreg      unsigned char 
 Registers used:
		wreg
 Tracked objects:
		On entry : 
		On exit  : 
		Unchanged: 
 Data sizes:     COMMON   BANK0   BANK1   BANK3   BANK2
      Params:         0       0       0       0       0
      Locals:         2       0       0       0       0
      Temps:          1       0       0       0       0
      Totals:         3       0       0       0       0
Total ram usage:        3 bytes
 Hardware stack levels used:    1
 This function calls:
		Nothing
 This function is called by:
		_isr
 This function uses a non-reentrant model


 *************** function i1_escribir_EEPROM *****************
 Defined at:
		line 319 in file "Proyecto_2.c"
 Parameters:    Size  Location     Type
  dato            1    wreg     unsigned char 
  direccion       1    0[COMMON] unsigned char 
 Auto vars:     Size  Location     Type
  dato            1    1[COMMON] unsigned char 
 Return value:  Size  Location     Type
                  1    wreg      void 
 Registers used:
		wreg
 Tracked objects:
		On entry : 
		On exit  : 
		Unchanged: 
 Data sizes:     COMMON   BANK0   BANK1   BANK3   BANK2
      Params:         1       0       0       0       0
      Locals:         1       0       0       0       0
      Temps:          0       0       0       0       0
      Totals:         2       0       0       0       0
Total ram usage:        2 bytes
 Hardware stack levels used:    1
 This function calls:
		Nothing
 This function is called by:
		_isr
 This function uses a non-reentrant model



MODULE INFORMATION

Module		Function		Class		Link	Load	Size
C:\Program Files\Microchip\xc8\v2.31\pic\sources\c90\common\doprnt.c
		_printf        		CODE           	078C	0000	40

C:\Program Files\Microchip\xc8\v2.31\pic\sources\c90\common\doprnt.c estimated size: 40

Proyecto_2.c
		_escribir_EEPROM		CODE           	07B4	0000	34
		_leer_EEPROM   		CODE           	0362	0000	21
		_putch         		CODE           	07F2	0000	10
		_main          		CODE           	073E	0000	78
		_comunicacion  		CODE           	0020	0000	834
		_isr           		CODE           	0599	0000	283
		_setup         		CODE           	06B4	0000	138

Proyecto_2.c estimated size: 1398

shared
		i1_leer_EEPROM 		CODE           	0389	0000	17
		i1_escribir_EEPROM		CODE           	07D6	0000	28
		__stringtab    		STRING         	0377	0000	18
		__initialization		CODE           	000F	0000	13

shared estimated size: 76

